Right ["+foo","0","1","2","3","--bar","--baz1","","","beforeandafter","\\'\"","'t","test\ntest'\ntest''","?","--baz2","","","beforeandafter","\\'\"","'t","test\ntest'\ntest''","?","--baz","","","beforeandafter","\\'\"","'t","test\ntest'\ntest''","?","--null","@@foo","@expandAtFile/bar","@expandAtFile/baz","-foo","+bar","--baz1","","","beforeandafter","\\'\"","'t","test\ntest'\ntest''","?","--baz2","","","beforeandafter","\\'\"","'t","test\ntest'\ntest''","?","-bar","+baz","","","beforeandafter","\\'\"","'t","test\ntest'\ntest''","?","-baz"]
