
==================== Tidy Core ====================
Result size of Tidy Core = {terms: 37, types: 44, coercions: 0, joins: 0/0}

-- RHS size: {terms: 1, types: 0, coercions: 0, joins: 0/0}
F5.f5g1 :: Integer
[GblId, Unf=Unf{Src=<vanilla>, TopLvl=True, Value=True, ConLike=True, WorkFree=True, Expandable=True, Guidance=IF_ARGS [] 100 0}]
F5.f5g1 = 1

-- RHS size: {terms: 12, types: 9, coercions: 0, joins: 0/0}
f5g :: forall {a} {t}. Num a => (t -> a) -> t -> a
[GblId,
 Arity=3,
 Str=<SP(1C1(C1(L)),A,A,A,A,A,MCM(L))><MCM(L)><L>,
 Unf=Unf{Src=InlineStable, TopLvl=True, Value=True, ConLike=True, WorkFree=True, Expandable=True, Guidance=ALWAYS_IF(arity=3,unsat_ok=True,boring_ok=False)
         Tmpl= \ (@a) (@t) ($dNum :: Num a) (h [Occ=Once1!] :: t -> a) (z [Occ=Once1] :: t) -> + @a $dNum (h z) (fromInteger @a $dNum F5.f5g1)}]
f5g = \ (@a) (@t) ($dNum :: Num a) (h :: t -> a) (z :: t) -> + @a $dNum (h z) (fromInteger @a $dNum F5.f5g1)

-- RHS size: {terms: 14, types: 12, coercions: 0, joins: 0/0}
f5h :: forall {a} {t}. Num a => (t -> a) -> t -> (t -> a) -> a
[GblId,
 Arity=4,
 Str=<SP(SCS(C1(L)),A,A,A,A,A,L)><MCM(L)><L><MCM(L)>,
 Unf=Unf{Src=InlineStable, TopLvl=True, Value=True, ConLike=True, WorkFree=True, Expandable=True, Guidance=ALWAYS_IF(arity=4,unsat_ok=True,boring_ok=False)
         Tmpl= \ (@a) (@t) ($dNum :: Num a) (f [Occ=Once1!] :: t -> a) (x :: t) (g [Occ=Once1] :: t -> a) -> + @a $dNum (f x) (f5g @a @t $dNum g x)}]
f5h = \ (@a) (@t) ($dNum :: Num a) (f :: t -> a) (x :: t) (g :: t -> a) -> + @a $dNum (f x) (f5g @a @t $dNum g x)

-- RHS size: {terms: 4, types: 1, coercions: 0, joins: 0/0}
f5y :: Integer -> Integer
[GblId,
 Arity=1,
 Str=<1L>,
 Unf=Unf{Src=InlineStable, TopLvl=True, Value=True, ConLike=True, WorkFree=True, Expandable=True, Guidance=ALWAYS_IF(arity=1,unsat_ok=True,boring_ok=False)
         Tmpl= \ (y [Occ=Once1] :: Integer) -> GHC.Num.Integer.integerAdd y F5.f5g1}]
f5y = \ (y :: Integer) -> GHC.Num.Integer.integerAdd y F5.f5g1

-- RHS size: {terms: 1, types: 0, coercions: 0, joins: 0/0}
f5 :: Integer
[GblId, Unf=Unf{Src=<vanilla>, TopLvl=True, Value=True, ConLike=True, WorkFree=True, Expandable=True, Guidance=IF_ARGS [] 100 0}]
f5 = 3



